// Jest Snapshot v1, https://goo.gl/fbAQLP

exports[`CreateClass Render CreateClass without any eror 1`] = `
<div
  className="create-class-page"
>
  <h1
    className="title"
  >
    Rails
  </h1>
  <div
    className="ant-card create-card ant-card-bordered"
  >
    <div
      className="ant-card-head"
      style={Object {}}
    >
      <div
        className="ant-card-head-wrapper"
      >
        <div
          className="ant-card-head-title"
        >
          Create Class
        </div>
        <div
          className="ant-card-extra"
        >
          <a
            className="ant-btn ant-btn-danger"
            href="/dashboard"
            onClick={[Function]}
          >
            <span>
              Back to  Dashboard
            </span>
          </a>
        </div>
      </div>
    </div>
    <div
      className="ant-card-body"
      style={Object {}}
    >
      <div
        className="ant-select-lg ant-select ant-select-enabled"
        onBlur={[Function]}
        onClick={[Function]}
        onFocus={[Function]}
        onMouseDown={[Function]}
        onTouchStart={[Function]}
        style={
          Object {
            "width": "100%",
          }
        }
      >
        <div
          aria-autocomplete="list"
          aria-expanded={false}
          aria-haspopup="true"
          className="ant-select-selection
            ant-select-selection--single"
          onKeyDown={[Function]}
          role="combobox"
          tabIndex={0}
        >
          <div
            className="ant-select-selection__rendered"
          >
            <div
              className="ant-select-selection__placeholder"
              onClick={[Function]}
              onMouseDown={[Function]}
              style={
                Object {
                  "WebkitUserSelect": "none",
                  "display": "none",
                  "userSelect": "none",
                }
              }
              unselectable="on"
            >
              University/College
            </div>
            <div
              className="ant-select-selection-selected-value"
              style={
                Object {
                  "display": "block",
                  "opacity": 1,
                }
              }
              title=""
            >
              
            </div>
            <div
              className="ant-select-search ant-select-search--inline"
              style={
                Object {
                  "display": "none",
                }
              }
            >
              <div
                className="ant-select-search__field__wrap"
              >
                <input
                  autoComplete="off"
                  className="ant-select-search__field"
                  disabled={false}
                  onChange={[Function]}
                  onKeyDown={[Function]}
                  value=""
                />
                <span
                  className="ant-select-search__field__mirror"
                >
                  
                   
                </span>
              </div>
            </div>
          </div>
          <span
            className="ant-select-arrow"
            onClick={[Function]}
            style={
              Object {
                "WebkitUserSelect": "none",
                "userSelect": "none",
              }
            }
            unselectable="on"
          >
            <i
              className="anticon anticon-down ant-select-arrow-icon"
            >
              <svg
                aria-hidden="true"
                className=""
                data-icon="down"
                fill="currentColor"
                height="1em"
                viewBox="64 64 896 896"
                width="1em"
              >
                <path
                  d="M884 256h-75c-5.1 0-9.9 2.5-12.9 6.6L512 654.2 227.9 262.6c-3-4.1-7.8-6.6-12.9-6.6h-75c-6.5 0-10.3 7.4-6.5 12.7l352.6 486.1c12.8 17.6 39 17.6 51.7 0l352.6-486.1c3.9-5.3.1-12.7-6.4-12.7z"
                />
              </svg>
            </i>
          </span>
        </div>
      </div>
      <input
        className="ant-input ant-input-lg ant-input-disabled create-class-input"
        disabled={true}
        onChange={[Function]}
        onKeyDown={[Function]}
        placeholder="Class Name: Topics in Software Engineering"
        size="large"
        type="text"
        value=""
      />
      <input
        className="ant-input ant-input-lg ant-input-disabled create-class-input"
        disabled={true}
        onChange={[Function]}
        onKeyDown={[Function]}
        placeholder="Class Code: CSC 59939 (L) [0001]"
        size="large"
        type="text"
        value=""
      />
      <p
        className="create-class-days-label"
      >
        Meeting Days
      </p>
      <div
        className="ant-checkbox-group create-class-days create-class-input"
      >
        <label
          className="ant-checkbox-group-item ant-checkbox-wrapper"
        >
          <span
            className="ant-checkbox ant-checkbox-disabled"
            style={Object {}}
          >
            <input
              checked={false}
              className="ant-checkbox-input"
              disabled={true}
              onBlur={[Function]}
              onChange={[Function]}
              onFocus={[Function]}
              type="checkbox"
              value="Monday"
            />
            <span
              className="ant-checkbox-inner"
            />
          </span>
          <span>
            Monday
          </span>
        </label>
        <label
          className="ant-checkbox-group-item ant-checkbox-wrapper"
        >
          <span
            className="ant-checkbox ant-checkbox-disabled"
            style={Object {}}
          >
            <input
              checked={false}
              className="ant-checkbox-input"
              disabled={true}
              onBlur={[Function]}
              onChange={[Function]}
              onFocus={[Function]}
              type="checkbox"
              value="Tuesday"
            />
            <span
              className="ant-checkbox-inner"
            />
          </span>
          <span>
            Tuesday
          </span>
        </label>
        <label
          className="ant-checkbox-group-item ant-checkbox-wrapper"
        >
          <span
            className="ant-checkbox ant-checkbox-disabled"
            style={Object {}}
          >
            <input
              checked={false}
              className="ant-checkbox-input"
              disabled={true}
              onBlur={[Function]}
              onChange={[Function]}
              onFocus={[Function]}
              type="checkbox"
              value="Wednesday"
            />
            <span
              className="ant-checkbox-inner"
            />
          </span>
          <span>
            Wednesday
          </span>
        </label>
        <label
          className="ant-checkbox-group-item ant-checkbox-wrapper"
        >
          <span
            className="ant-checkbox ant-checkbox-disabled"
            style={Object {}}
          >
            <input
              checked={false}
              className="ant-checkbox-input"
              disabled={true}
              onBlur={[Function]}
              onChange={[Function]}
              onFocus={[Function]}
              type="checkbox"
              value="Thursday"
            />
            <span
              className="ant-checkbox-inner"
            />
          </span>
          <span>
            Thursday
          </span>
        </label>
        <label
          className="ant-checkbox-group-item ant-checkbox-wrapper"
        >
          <span
            className="ant-checkbox ant-checkbox-disabled"
            style={Object {}}
          >
            <input
              checked={false}
              className="ant-checkbox-input"
              disabled={true}
              onBlur={[Function]}
              onChange={[Function]}
              onFocus={[Function]}
              type="checkbox"
              value="Friday"
            />
            <span
              className="ant-checkbox-inner"
            />
          </span>
          <span>
            Friday
          </span>
        </label>
        <label
          className="ant-checkbox-group-item ant-checkbox-wrapper"
        >
          <span
            className="ant-checkbox ant-checkbox-disabled"
            style={Object {}}
          >
            <input
              checked={false}
              className="ant-checkbox-input"
              disabled={true}
              onBlur={[Function]}
              onChange={[Function]}
              onFocus={[Function]}
              type="checkbox"
              value="Saturday"
            />
            <span
              className="ant-checkbox-inner"
            />
          </span>
          <span>
            Saturday
          </span>
        </label>
        <label
          className="ant-checkbox-group-item ant-checkbox-wrapper"
        >
          <span
            className="ant-checkbox ant-checkbox-disabled"
            style={Object {}}
          >
            <input
              checked={false}
              className="ant-checkbox-input"
              disabled={true}
              onBlur={[Function]}
              onChange={[Function]}
              onFocus={[Function]}
              type="checkbox"
              value="Sunday"
            />
            <span
              className="ant-checkbox-inner"
            />
          </span>
          <span>
            Sunday
          </span>
        </label>
      </div>
      <p
        className="create-class-days-label"
      >
        Meeting Times
      </p>
      <div
        className="time-container"
      >
        <span
          className="ant-time-picker create-class-input"
          style={
            Object {
              "marginRight": 20,
            }
          }
        >
          <input
            className="ant-time-picker-input"
            disabled={true}
            id=""
            onBlur={[Function]}
            onChange={[Function]}
            onFocus={[Function]}
            onKeyDown={[Function]}
            placeholder="From Time"
            readOnly={false}
            type="text"
            value=""
          />
          <span
            className="ant-time-picker-icon"
          >
            <i
              className="anticon anticon-clock-circle ant-time-picker-clock-icon"
            >
              <svg
                aria-hidden="true"
                className=""
                data-icon="clock-circle"
                fill="currentColor"
                height="1em"
                viewBox="64 64 896 896"
                width="1em"
              >
                <path
                  d="M512 64C264.6 64 64 264.6 64 512s200.6 448 448 448 448-200.6 448-448S759.4 64 512 64zm0 820c-205.4 0-372-166.6-372-372s166.6-372 372-372 372 166.6 372 372-166.6 372-372 372z"
                />
                <path
                  d="M686.7 638.6L544.1 535.5V288c0-4.4-3.6-8-8-8H488c-4.4 0-8 3.6-8 8v275.4c0 2.6 1.2 5 3.3 6.5l165.4 120.6c3.6 2.6 8.6 1.8 11.2-1.7l28.6-39c2.6-3.7 1.8-8.7-1.8-11.2z"
                />
              </svg>
            </i>
          </span>
        </span>
        <span
          className="ant-time-picker create-class-input"
          style={Object {}}
        >
          <input
            className="ant-time-picker-input"
            disabled={true}
            id=""
            onBlur={[Function]}
            onChange={[Function]}
            onFocus={[Function]}
            onKeyDown={[Function]}
            placeholder="To Time"
            readOnly={false}
            type="text"
            value=""
          />
          <span
            className="ant-time-picker-icon"
          >
            <i
              className="anticon anticon-clock-circle ant-time-picker-clock-icon"
            >
              <svg
                aria-hidden="true"
                className=""
                data-icon="clock-circle"
                fill="currentColor"
                height="1em"
                viewBox="64 64 896 896"
                width="1em"
              >
                <path
                  d="M512 64C264.6 64 64 264.6 64 512s200.6 448 448 448 448-200.6 448-448S759.4 64 512 64zm0 820c-205.4 0-372-166.6-372-372s166.6-372 372-372 372 166.6 372 372-166.6 372-372 372z"
                />
                <path
                  d="M686.7 638.6L544.1 535.5V288c0-4.4-3.6-8-8-8H488c-4.4 0-8 3.6-8 8v275.4c0 2.6 1.2 5 3.3 6.5l165.4 120.6c3.6 2.6 8.6 1.8 11.2-1.7l28.6-39c2.6-3.7 1.8-8.7-1.8-11.2z"
                />
              </svg>
            </i>
          </span>
        </span>
      </div>
      <p
        className="create-class-days-label"
      >
        Pre-approved Student Emails
      </p>
      <textarea
        className="ant-input create-class-input ant-input-disabled"
        disabled={true}
        onChange={[Function]}
        onKeyDown={[Function]}
        placeholder="Pre-approved e-mails, separate e-mails with commas"
        style={Object {}}
        value=""
      />
      <button
        className="ant-btn create-class-input ant-btn-primary ant-btn-block"
        disabled={true}
        onClick={[Function]}
        type="button"
      >
        <span>
          Create
        </span>
        <span>
           Class
        </span>
      </button>
    </div>
  </div>
</div>
`;

exports[`CreateClass Snapshot Test Render CreateClass without any error 1`] = `
<div
  className="create-class-page"
>
  <h1
    className="title"
  >
    Rails
  </h1>
  <div
    className="ant-card create-card ant-card-bordered"
  >
    <div
      className="ant-card-head"
      style={Object {}}
    >
      <div
        className="ant-card-head-wrapper"
      >
        <div
          className="ant-card-head-title"
        >
          Create Class
        </div>
        <div
          className="ant-card-extra"
        >
          <a
            className="ant-btn ant-btn-danger"
            href="/dashboard"
            onClick={[Function]}
          >
            <span>
              Back to  Dashboard
            </span>
          </a>
        </div>
      </div>
    </div>
    <div
      className="ant-card-body"
      style={Object {}}
    >
      <div
        className="ant-select-lg ant-select ant-select-enabled"
        onBlur={[Function]}
        onClick={[Function]}
        onFocus={[Function]}
        onMouseDown={[Function]}
        onTouchStart={[Function]}
        style={
          Object {
            "width": "100%",
          }
        }
      >
        <div
          aria-autocomplete="list"
          aria-expanded={false}
          aria-haspopup="true"
          className="ant-select-selection
            ant-select-selection--single"
          onKeyDown={[Function]}
          role="combobox"
          tabIndex={0}
        >
          <div
            className="ant-select-selection__rendered"
          >
            <div
              className="ant-select-selection__placeholder"
              onClick={[Function]}
              onMouseDown={[Function]}
              style={
                Object {
                  "WebkitUserSelect": "none",
                  "display": "none",
                  "userSelect": "none",
                }
              }
              unselectable="on"
            >
              University/College
            </div>
            <div
              className="ant-select-selection-selected-value"
              style={
                Object {
                  "display": "block",
                  "opacity": 1,
                }
              }
              title=""
            >
              
            </div>
            <div
              className="ant-select-search ant-select-search--inline"
              style={
                Object {
                  "display": "none",
                }
              }
            >
              <div
                className="ant-select-search__field__wrap"
              >
                <input
                  autoComplete="off"
                  className="ant-select-search__field"
                  disabled={false}
                  onChange={[Function]}
                  onKeyDown={[Function]}
                  value=""
                />
                <span
                  className="ant-select-search__field__mirror"
                >
                  
                   
                </span>
              </div>
            </div>
          </div>
          <span
            className="ant-select-arrow"
            onClick={[Function]}
            style={
              Object {
                "WebkitUserSelect": "none",
                "userSelect": "none",
              }
            }
            unselectable="on"
          >
            <i
              className="anticon anticon-down ant-select-arrow-icon"
            >
              <svg
                aria-hidden="true"
                className=""
                data-icon="down"
                fill="currentColor"
                height="1em"
                viewBox="64 64 896 896"
                width="1em"
              >
                <path
                  d="M884 256h-75c-5.1 0-9.9 2.5-12.9 6.6L512 654.2 227.9 262.6c-3-4.1-7.8-6.6-12.9-6.6h-75c-6.5 0-10.3 7.4-6.5 12.7l352.6 486.1c12.8 17.6 39 17.6 51.7 0l352.6-486.1c3.9-5.3.1-12.7-6.4-12.7z"
                />
              </svg>
            </i>
          </span>
        </div>
      </div>
      <input
        className="ant-input ant-input-lg ant-input-disabled create-class-input"
        disabled={true}
        onChange={[Function]}
        onKeyDown={[Function]}
        placeholder="Class Name: Topics in Software Engineering"
        size="large"
        type="text"
        value=""
      />
      <input
        className="ant-input ant-input-lg ant-input-disabled create-class-input"
        disabled={true}
        onChange={[Function]}
        onKeyDown={[Function]}
        placeholder="Class Code: CSC 59939 (L) [0001]"
        size="large"
        type="text"
        value=""
      />
      <p
        className="create-class-days-label"
      >
        Meeting Days
      </p>
      <div
        className="ant-checkbox-group create-class-days create-class-input"
      >
        <label
          className="ant-checkbox-group-item ant-checkbox-wrapper"
        >
          <span
            className="ant-checkbox ant-checkbox-disabled"
            style={Object {}}
          >
            <input
              checked={false}
              className="ant-checkbox-input"
              disabled={true}
              onBlur={[Function]}
              onChange={[Function]}
              onFocus={[Function]}
              type="checkbox"
              value="Monday"
            />
            <span
              className="ant-checkbox-inner"
            />
          </span>
          <span>
            Monday
          </span>
        </label>
        <label
          className="ant-checkbox-group-item ant-checkbox-wrapper"
        >
          <span
            className="ant-checkbox ant-checkbox-disabled"
            style={Object {}}
          >
            <input
              checked={false}
              className="ant-checkbox-input"
              disabled={true}
              onBlur={[Function]}
              onChange={[Function]}
              onFocus={[Function]}
              type="checkbox"
              value="Tuesday"
            />
            <span
              className="ant-checkbox-inner"
            />
          </span>
          <span>
            Tuesday
          </span>
        </label>
        <label
          className="ant-checkbox-group-item ant-checkbox-wrapper"
        >
          <span
            className="ant-checkbox ant-checkbox-disabled"
            style={Object {}}
          >
            <input
              checked={false}
              className="ant-checkbox-input"
              disabled={true}
              onBlur={[Function]}
              onChange={[Function]}
              onFocus={[Function]}
              type="checkbox"
              value="Wednesday"
            />
            <span
              className="ant-checkbox-inner"
            />
          </span>
          <span>
            Wednesday
          </span>
        </label>
        <label
          className="ant-checkbox-group-item ant-checkbox-wrapper"
        >
          <span
            className="ant-checkbox ant-checkbox-disabled"
            style={Object {}}
          >
            <input
              checked={false}
              className="ant-checkbox-input"
              disabled={true}
              onBlur={[Function]}
              onChange={[Function]}
              onFocus={[Function]}
              type="checkbox"
              value="Thursday"
            />
            <span
              className="ant-checkbox-inner"
            />
          </span>
          <span>
            Thursday
          </span>
        </label>
        <label
          className="ant-checkbox-group-item ant-checkbox-wrapper"
        >
          <span
            className="ant-checkbox ant-checkbox-disabled"
            style={Object {}}
          >
            <input
              checked={false}
              className="ant-checkbox-input"
              disabled={true}
              onBlur={[Function]}
              onChange={[Function]}
              onFocus={[Function]}
              type="checkbox"
              value="Friday"
            />
            <span
              className="ant-checkbox-inner"
            />
          </span>
          <span>
            Friday
          </span>
        </label>
        <label
          className="ant-checkbox-group-item ant-checkbox-wrapper"
        >
          <span
            className="ant-checkbox ant-checkbox-disabled"
            style={Object {}}
          >
            <input
              checked={false}
              className="ant-checkbox-input"
              disabled={true}
              onBlur={[Function]}
              onChange={[Function]}
              onFocus={[Function]}
              type="checkbox"
              value="Saturday"
            />
            <span
              className="ant-checkbox-inner"
            />
          </span>
          <span>
            Saturday
          </span>
        </label>
        <label
          className="ant-checkbox-group-item ant-checkbox-wrapper"
        >
          <span
            className="ant-checkbox ant-checkbox-disabled"
            style={Object {}}
          >
            <input
              checked={false}
              className="ant-checkbox-input"
              disabled={true}
              onBlur={[Function]}
              onChange={[Function]}
              onFocus={[Function]}
              type="checkbox"
              value="Sunday"
            />
            <span
              className="ant-checkbox-inner"
            />
          </span>
          <span>
            Sunday
          </span>
        </label>
      </div>
      <p
        className="create-class-days-label"
      >
        Meeting Times
      </p>
      <div
        className="time-container"
      >
        <span
          className="ant-time-picker create-class-input"
          style={
            Object {
              "marginRight": 20,
            }
          }
        >
          <input
            className="ant-time-picker-input"
            disabled={true}
            id=""
            onBlur={[Function]}
            onChange={[Function]}
            onFocus={[Function]}
            onKeyDown={[Function]}
            placeholder="From Time"
            readOnly={false}
            type="text"
            value=""
          />
          <span
            className="ant-time-picker-icon"
          >
            <i
              className="anticon anticon-clock-circle ant-time-picker-clock-icon"
            >
              <svg
                aria-hidden="true"
                className=""
                data-icon="clock-circle"
                fill="currentColor"
                height="1em"
                viewBox="64 64 896 896"
                width="1em"
              >
                <path
                  d="M512 64C264.6 64 64 264.6 64 512s200.6 448 448 448 448-200.6 448-448S759.4 64 512 64zm0 820c-205.4 0-372-166.6-372-372s166.6-372 372-372 372 166.6 372 372-166.6 372-372 372z"
                />
                <path
                  d="M686.7 638.6L544.1 535.5V288c0-4.4-3.6-8-8-8H488c-4.4 0-8 3.6-8 8v275.4c0 2.6 1.2 5 3.3 6.5l165.4 120.6c3.6 2.6 8.6 1.8 11.2-1.7l28.6-39c2.6-3.7 1.8-8.7-1.8-11.2z"
                />
              </svg>
            </i>
          </span>
        </span>
        <span
          className="ant-time-picker create-class-input"
          style={Object {}}
        >
          <input
            className="ant-time-picker-input"
            disabled={true}
            id=""
            onBlur={[Function]}
            onChange={[Function]}
            onFocus={[Function]}
            onKeyDown={[Function]}
            placeholder="To Time"
            readOnly={false}
            type="text"
            value=""
          />
          <span
            className="ant-time-picker-icon"
          >
            <i
              className="anticon anticon-clock-circle ant-time-picker-clock-icon"
            >
              <svg
                aria-hidden="true"
                className=""
                data-icon="clock-circle"
                fill="currentColor"
                height="1em"
                viewBox="64 64 896 896"
                width="1em"
              >
                <path
                  d="M512 64C264.6 64 64 264.6 64 512s200.6 448 448 448 448-200.6 448-448S759.4 64 512 64zm0 820c-205.4 0-372-166.6-372-372s166.6-372 372-372 372 166.6 372 372-166.6 372-372 372z"
                />
                <path
                  d="M686.7 638.6L544.1 535.5V288c0-4.4-3.6-8-8-8H488c-4.4 0-8 3.6-8 8v275.4c0 2.6 1.2 5 3.3 6.5l165.4 120.6c3.6 2.6 8.6 1.8 11.2-1.7l28.6-39c2.6-3.7 1.8-8.7-1.8-11.2z"
                />
              </svg>
            </i>
          </span>
        </span>
      </div>
      <p
        className="create-class-days-label"
      >
        Pre-approved Student Emails
      </p>
      <textarea
        className="ant-input create-class-input ant-input-disabled"
        disabled={true}
        onChange={[Function]}
        onKeyDown={[Function]}
        placeholder="Pre-approved e-mails, separate e-mails with commas"
        style={Object {}}
        value=""
      />
      <button
        className="ant-btn create-class-input ant-btn-primary ant-btn-block"
        disabled={true}
        onClick={[Function]}
        type="button"
      >
        <span>
          Create
        </span>
        <span>
           Class
        </span>
      </button>
    </div>
  </div>
</div>
`;

exports[`CreateClass Snapshot Test Render button without error 1`] = `
<div
  className="create-class-page"
>
  <h1
    className="title"
  >
    Rails
  </h1>
  <div
    className="ant-card create-card ant-card-bordered"
  >
    <div
      className="ant-card-head"
      style={Object {}}
    >
      <div
        className="ant-card-head-wrapper"
      >
        <div
          className="ant-card-head-title"
        >
          Create Class
        </div>
        <div
          className="ant-card-extra"
        >
          <a
            className="ant-btn ant-btn-danger"
            href="/dashboard"
            onClick={[Function]}
          >
            <span>
              Back to  Dashboard
            </span>
          </a>
        </div>
      </div>
    </div>
    <div
      className="ant-card-body"
      style={Object {}}
    >
      <div
        className="ant-select-lg ant-select ant-select-enabled"
        onBlur={[Function]}
        onClick={[Function]}
        onFocus={[Function]}
        onMouseDown={[Function]}
        onTouchStart={[Function]}
        style={
          Object {
            "width": "100%",
          }
        }
      >
        <div
          aria-autocomplete="list"
          aria-expanded={false}
          aria-haspopup="true"
          className="ant-select-selection
            ant-select-selection--single"
          onKeyDown={[Function]}
          role="combobox"
          tabIndex={0}
        >
          <div
            className="ant-select-selection__rendered"
          >
            <div
              className="ant-select-selection__placeholder"
              onClick={[Function]}
              onMouseDown={[Function]}
              style={
                Object {
                  "WebkitUserSelect": "none",
                  "display": "none",
                  "userSelect": "none",
                }
              }
              unselectable="on"
            >
              University/College
            </div>
            <div
              className="ant-select-selection-selected-value"
              style={
                Object {
                  "display": "block",
                  "opacity": 1,
                }
              }
              title=""
            >
              
            </div>
            <div
              className="ant-select-search ant-select-search--inline"
              style={
                Object {
                  "display": "none",
                }
              }
            >
              <div
                className="ant-select-search__field__wrap"
              >
                <input
                  autoComplete="off"
                  className="ant-select-search__field"
                  disabled={false}
                  onChange={[Function]}
                  onKeyDown={[Function]}
                  value=""
                />
                <span
                  className="ant-select-search__field__mirror"
                >
                  
                   
                </span>
              </div>
            </div>
          </div>
          <span
            className="ant-select-arrow"
            onClick={[Function]}
            style={
              Object {
                "WebkitUserSelect": "none",
                "userSelect": "none",
              }
            }
            unselectable="on"
          >
            <i
              className="anticon anticon-down ant-select-arrow-icon"
            >
              <svg
                aria-hidden="true"
                className=""
                data-icon="down"
                fill="currentColor"
                height="1em"
                viewBox="64 64 896 896"
                width="1em"
              >
                <path
                  d="M884 256h-75c-5.1 0-9.9 2.5-12.9 6.6L512 654.2 227.9 262.6c-3-4.1-7.8-6.6-12.9-6.6h-75c-6.5 0-10.3 7.4-6.5 12.7l352.6 486.1c12.8 17.6 39 17.6 51.7 0l352.6-486.1c3.9-5.3.1-12.7-6.4-12.7z"
                />
              </svg>
            </i>
          </span>
        </div>
      </div>
      <input
        className="ant-input ant-input-lg ant-input-disabled create-class-input"
        disabled={true}
        onChange={[Function]}
        onKeyDown={[Function]}
        placeholder="Class Name: Topics in Software Engineering"
        size="large"
        type="text"
        value=""
      />
      <input
        className="ant-input ant-input-lg ant-input-disabled create-class-input"
        disabled={true}
        onChange={[Function]}
        onKeyDown={[Function]}
        placeholder="Class Code: CSC 59939 (L) [0001]"
        size="large"
        type="text"
        value=""
      />
      <p
        className="create-class-days-label"
      >
        Meeting Days
      </p>
      <div
        className="ant-checkbox-group create-class-days create-class-input"
      >
        <label
          className="ant-checkbox-group-item ant-checkbox-wrapper"
        >
          <span
            className="ant-checkbox ant-checkbox-disabled"
            style={Object {}}
          >
            <input
              checked={false}
              className="ant-checkbox-input"
              disabled={true}
              onBlur={[Function]}
              onChange={[Function]}
              onFocus={[Function]}
              type="checkbox"
              value="Monday"
            />
            <span
              className="ant-checkbox-inner"
            />
          </span>
          <span>
            Monday
          </span>
        </label>
        <label
          className="ant-checkbox-group-item ant-checkbox-wrapper"
        >
          <span
            className="ant-checkbox ant-checkbox-disabled"
            style={Object {}}
          >
            <input
              checked={false}
              className="ant-checkbox-input"
              disabled={true}
              onBlur={[Function]}
              onChange={[Function]}
              onFocus={[Function]}
              type="checkbox"
              value="Tuesday"
            />
            <span
              className="ant-checkbox-inner"
            />
          </span>
          <span>
            Tuesday
          </span>
        </label>
        <label
          className="ant-checkbox-group-item ant-checkbox-wrapper"
        >
          <span
            className="ant-checkbox ant-checkbox-disabled"
            style={Object {}}
          >
            <input
              checked={false}
              className="ant-checkbox-input"
              disabled={true}
              onBlur={[Function]}
              onChange={[Function]}
              onFocus={[Function]}
              type="checkbox"
              value="Wednesday"
            />
            <span
              className="ant-checkbox-inner"
            />
          </span>
          <span>
            Wednesday
          </span>
        </label>
        <label
          className="ant-checkbox-group-item ant-checkbox-wrapper"
        >
          <span
            className="ant-checkbox ant-checkbox-disabled"
            style={Object {}}
          >
            <input
              checked={false}
              className="ant-checkbox-input"
              disabled={true}
              onBlur={[Function]}
              onChange={[Function]}
              onFocus={[Function]}
              type="checkbox"
              value="Thursday"
            />
            <span
              className="ant-checkbox-inner"
            />
          </span>
          <span>
            Thursday
          </span>
        </label>
        <label
          className="ant-checkbox-group-item ant-checkbox-wrapper"
        >
          <span
            className="ant-checkbox ant-checkbox-disabled"
            style={Object {}}
          >
            <input
              checked={false}
              className="ant-checkbox-input"
              disabled={true}
              onBlur={[Function]}
              onChange={[Function]}
              onFocus={[Function]}
              type="checkbox"
              value="Friday"
            />
            <span
              className="ant-checkbox-inner"
            />
          </span>
          <span>
            Friday
          </span>
        </label>
        <label
          className="ant-checkbox-group-item ant-checkbox-wrapper"
        >
          <span
            className="ant-checkbox ant-checkbox-disabled"
            style={Object {}}
          >
            <input
              checked={false}
              className="ant-checkbox-input"
              disabled={true}
              onBlur={[Function]}
              onChange={[Function]}
              onFocus={[Function]}
              type="checkbox"
              value="Saturday"
            />
            <span
              className="ant-checkbox-inner"
            />
          </span>
          <span>
            Saturday
          </span>
        </label>
        <label
          className="ant-checkbox-group-item ant-checkbox-wrapper"
        >
          <span
            className="ant-checkbox ant-checkbox-disabled"
            style={Object {}}
          >
            <input
              checked={false}
              className="ant-checkbox-input"
              disabled={true}
              onBlur={[Function]}
              onChange={[Function]}
              onFocus={[Function]}
              type="checkbox"
              value="Sunday"
            />
            <span
              className="ant-checkbox-inner"
            />
          </span>
          <span>
            Sunday
          </span>
        </label>
      </div>
      <p
        className="create-class-days-label"
      >
        Meeting Times
      </p>
      <div
        className="time-container"
      >
        <span
          className="ant-time-picker create-class-input"
          style={
            Object {
              "marginRight": 20,
            }
          }
        >
          <input
            className="ant-time-picker-input"
            disabled={true}
            id=""
            onBlur={[Function]}
            onChange={[Function]}
            onFocus={[Function]}
            onKeyDown={[Function]}
            placeholder="From Time"
            readOnly={false}
            type="text"
            value=""
          />
          <span
            className="ant-time-picker-icon"
          >
            <i
              className="anticon anticon-clock-circle ant-time-picker-clock-icon"
            >
              <svg
                aria-hidden="true"
                className=""
                data-icon="clock-circle"
                fill="currentColor"
                height="1em"
                viewBox="64 64 896 896"
                width="1em"
              >
                <path
                  d="M512 64C264.6 64 64 264.6 64 512s200.6 448 448 448 448-200.6 448-448S759.4 64 512 64zm0 820c-205.4 0-372-166.6-372-372s166.6-372 372-372 372 166.6 372 372-166.6 372-372 372z"
                />
                <path
                  d="M686.7 638.6L544.1 535.5V288c0-4.4-3.6-8-8-8H488c-4.4 0-8 3.6-8 8v275.4c0 2.6 1.2 5 3.3 6.5l165.4 120.6c3.6 2.6 8.6 1.8 11.2-1.7l28.6-39c2.6-3.7 1.8-8.7-1.8-11.2z"
                />
              </svg>
            </i>
          </span>
        </span>
        <span
          className="ant-time-picker create-class-input"
          style={Object {}}
        >
          <input
            className="ant-time-picker-input"
            disabled={true}
            id=""
            onBlur={[Function]}
            onChange={[Function]}
            onFocus={[Function]}
            onKeyDown={[Function]}
            placeholder="To Time"
            readOnly={false}
            type="text"
            value=""
          />
          <span
            className="ant-time-picker-icon"
          >
            <i
              className="anticon anticon-clock-circle ant-time-picker-clock-icon"
            >
              <svg
                aria-hidden="true"
                className=""
                data-icon="clock-circle"
                fill="currentColor"
                height="1em"
                viewBox="64 64 896 896"
                width="1em"
              >
                <path
                  d="M512 64C264.6 64 64 264.6 64 512s200.6 448 448 448 448-200.6 448-448S759.4 64 512 64zm0 820c-205.4 0-372-166.6-372-372s166.6-372 372-372 372 166.6 372 372-166.6 372-372 372z"
                />
                <path
                  d="M686.7 638.6L544.1 535.5V288c0-4.4-3.6-8-8-8H488c-4.4 0-8 3.6-8 8v275.4c0 2.6 1.2 5 3.3 6.5l165.4 120.6c3.6 2.6 8.6 1.8 11.2-1.7l28.6-39c2.6-3.7 1.8-8.7-1.8-11.2z"
                />
              </svg>
            </i>
          </span>
        </span>
      </div>
      <p
        className="create-class-days-label"
      >
        Pre-approved Student Emails
      </p>
      <textarea
        className="ant-input create-class-input ant-input-disabled"
        disabled={true}
        onChange={[Function]}
        onKeyDown={[Function]}
        placeholder="Pre-approved e-mails, separate e-mails with commas"
        style={Object {}}
        value=""
      />
      <button
        className="ant-btn create-class-input ant-btn-primary ant-btn-block"
        disabled={true}
        onClick={[Function]}
        type="button"
      >
        <span>
          Create
        </span>
        <span>
           Class
        </span>
      </button>
    </div>
  </div>
</div>
`;
