// Jest Snapshot v1, https://goo.gl/fbAQLP

exports[`EventSummary Render EventSummary without any eror 1`] = `
<div
  className="EventSummary"
  style={
    Object {
      "backgroundColor": "#F44336",
    }
  }
>
  <span
    className="course"
  >
    CSC 59929
  </span>
  <span
    className="eventName"
  >
    Project Presentation
  </span>
  <span
    className="dueDate"
  >
    11:41 PM
  </span>
</div>
`;
